nohup: ignoring input
Changes detected: Sat Oct  4 14:06:30 IST 2025
[main d2e788c] Auto-commit: 2025-10-04 14:06:30
 5 files changed, 44 insertions(+)
 create mode 100755 auto_commit.sh
 create mode 100755 auto_watcher.sh
 create mode 100644 commit.log
 create mode 100644 test_auto_commit.md
 create mode 100644 watcher.log
To github.com:Nihal10001/DjangoProjects.git
   bf89ae9..d2e788c  main -> main
Pushed successfully at Sat Oct  4 14:06:36 IST 2025
Changes detected: Sat Oct  4 14:07:06 IST 2025
[main da575e1] Auto-commit: 2025-10-04 14:07:06
 2 files changed, 12 insertions(+)
 create mode 100644 test_correct_ssh.md
To github.com:Nihal10001/DjangoProjects.git
   d2e788c..da575e1  main -> main
Pushed successfully at Sat Oct  4 14:07:11 IST 2025
Changes detected: Sat Oct  4 14:07:41 IST 2025
