nohup: ignoring input
Changes detected: Sat Oct  4 14:06:30 IST 2025
[main d2e788c] Auto-commit: 2025-10-04 14:06:30
 5 files changed, 44 insertions(+)
 create mode 100755 auto_commit.sh
 create mode 100755 auto_watcher.sh
 create mode 100644 commit.log
 create mode 100644 test_auto_commit.md
 create mode 100644 watcher.log
To github.com:Nihal10001/DjangoProjects.git
   bf89ae9..d2e788c  main -> main
Pushed successfully at Sat Oct  4 14:06:36 IST 2025
Changes detected: Sat Oct  4 14:07:06 IST 2025
[main da575e1] Auto-commit: 2025-10-04 14:07:06
 2 files changed, 12 insertions(+)
 create mode 100644 test_correct_ssh.md
To github.com:Nihal10001/DjangoProjects.git
   d2e788c..da575e1  main -> main
Pushed successfully at Sat Oct  4 14:07:11 IST 2025
Changes detected: Sat Oct  4 14:07:41 IST 2025
[main 0c806a0] Auto-commit: 2025-10-04 14:07:41
 1 file changed, 7 insertions(+)
To github.com:Nihal10001/DjangoProjects.git
   da575e1..0c806a0  main -> main
Pushed successfully at Sat Oct  4 14:07:46 IST 2025
Changes detected: Sat Oct  4 14:08:16 IST 2025
[main 3bf8543] Auto-commit: 2025-10-04 14:08:16
 1 file changed, 6 insertions(+)
To github.com:Nihal10001/DjangoProjects.git
   0c806a0..3bf8543  main -> main
Pushed successfully at Sat Oct  4 14:08:23 IST 2025
Changes detected: Sat Oct  4 14:08:53 IST 2025
[main e374d66] Auto-commit: 2025-10-04 14:08:53
 1 file changed, 6 insertions(+)
To github.com:Nihal10001/DjangoProjects.git
   3bf8543..e374d66  main -> main
Pushed successfully at Sat Oct  4 14:08:57 IST 2025
Changes detected: Sat Oct  4 14:09:27 IST 2025
[main 2580101] Auto-commit: 2025-10-04 14:09:27
 1 file changed, 6 insertions(+)
To github.com:Nihal10001/DjangoProjects.git
   e374d66..2580101  main -> main
Pushed successfully at Sat Oct  4 14:09:32 IST 2025
Changes detected: Sat Oct  4 14:10:02 IST 2025
[main 4e20ced] Auto-commit: 2025-10-04 14:10:02
 1 file changed, 6 insertions(+)
To github.com:Nihal10001/DjangoProjects.git
   2580101..4e20ced  main -> main
Pushed successfully at Sat Oct  4 14:10:06 IST 2025
Changes detected: Sat Oct  4 14:10:36 IST 2025
[main df693f8] Auto-commit: 2025-10-04 14:10:36
 1 file changed, 6 insertions(+)
To github.com:Nihal10001/DjangoProjects.git
   4e20ced..df693f8  main -> main
Pushed successfully at Sat Oct  4 14:10:41 IST 2025
Changes detected: Sat Oct  4 14:11:11 IST 2025
[main ee19349] Auto-commit: 2025-10-04 14:11:11
 1 file changed, 6 insertions(+)
To github.com:Nihal10001/DjangoProjects.git
   df693f8..ee19349  main -> main
Pushed successfully at Sat Oct  4 14:11:17 IST 2025
Changes detected: Sat Oct  4 14:11:47 IST 2025
[main 196d8b8] Auto-commit: 2025-10-04 14:11:47
 1 file changed, 6 insertions(+)
To github.com:Nihal10001/DjangoProjects.git
   ee19349..196d8b8  main -> main
Pushed successfully at Sat Oct  4 14:11:51 IST 2025
Changes detected: Sat Oct  4 14:12:21 IST 2025
[main 4e0906d] Auto-commit: 2025-10-04 14:12:21
 1 file changed, 6 insertions(+)
To github.com:Nihal10001/DjangoProjects.git
   196d8b8..4e0906d  main -> main
Pushed successfully at Sat Oct  4 14:12:26 IST 2025
Changes detected: Sat Oct  4 14:12:56 IST 2025
[main b19ee47] Auto-commit: 2025-10-04 14:12:56
 1 file changed, 6 insertions(+)
To github.com:Nihal10001/DjangoProjects.git
   4e0906d..b19ee47  main -> main
Pushed successfully at Sat Oct  4 14:13:02 IST 2025
Changes detected: Sat Oct  4 14:13:32 IST 2025
[main 2d7e2e8] Auto-commit: 2025-10-04 14:13:32
 1 file changed, 6 insertions(+)
To github.com:Nihal10001/DjangoProjects.git
   b19ee47..2d7e2e8  main -> main
Pushed successfully at Sat Oct  4 14:13:36 IST 2025
Changes detected: Sat Oct  4 14:14:06 IST 2025
[main 9d348ef] Auto-commit: 2025-10-04 14:14:06
 1 file changed, 6 insertions(+)
To github.com:Nihal10001/DjangoProjects.git
   2d7e2e8..9d348ef  main -> main
Pushed successfully at Sat Oct  4 14:14:12 IST 2025
Changes detected: Sat Oct  4 14:14:42 IST 2025
[main 7bf0050] Auto-commit: 2025-10-04 14:14:42
 1 file changed, 6 insertions(+)
To github.com:Nihal10001/DjangoProjects.git
   9d348ef..7bf0050  main -> main
Pushed successfully at Sat Oct  4 14:14:46 IST 2025
Changes detected: Sat Oct  4 14:15:16 IST 2025
[main 1e6fec2] Auto-commit: 2025-10-04 14:15:16
 1 file changed, 6 insertions(+)
To github.com:Nihal10001/DjangoProjects.git
   7bf0050..1e6fec2  main -> main
Pushed successfully at Sat Oct  4 14:15:21 IST 2025
Changes detected: Sat Oct  4 14:15:51 IST 2025
[main 427ff9d] Auto-commit: 2025-10-04 14:15:51
 1 file changed, 6 insertions(+)
To github.com:Nihal10001/DjangoProjects.git
   1e6fec2..427ff9d  main -> main
Pushed successfully at Sat Oct  4 14:15:57 IST 2025
Changes detected: Sat Oct  4 14:16:27 IST 2025
[main db7405c] Auto-commit: 2025-10-04 14:16:27
 1 file changed, 6 insertions(+)
To github.com:Nihal10001/DjangoProjects.git
   427ff9d..db7405c  main -> main
Pushed successfully at Sat Oct  4 14:16:33 IST 2025
Changes detected: Sat Oct  4 14:17:03 IST 2025
[main bd6aab6] Auto-commit: 2025-10-04 14:17:03
 1 file changed, 6 insertions(+)
To github.com:Nihal10001/DjangoProjects.git
   db7405c..bd6aab6  main -> main
Pushed successfully at Sat Oct  4 14:17:08 IST 2025
Changes detected: Sat Oct  4 14:17:38 IST 2025
[main 45ace65] Auto-commit: 2025-10-04 14:17:38
 1 file changed, 6 insertions(+)
To github.com:Nihal10001/DjangoProjects.git
   bd6aab6..45ace65  main -> main
Pushed successfully at Sat Oct  4 14:17:43 IST 2025
Changes detected: Sat Oct  4 14:18:13 IST 2025
[main 71eaf42] Auto-commit: 2025-10-04 14:18:13
 1 file changed, 6 insertions(+)
To github.com:Nihal10001/DjangoProjects.git
   45ace65..71eaf42  main -> main
Pushed successfully at Sat Oct  4 14:18:18 IST 2025
Changes detected: Sat Oct  4 14:18:48 IST 2025
[main 1c6a292] Auto-commit: 2025-10-04 14:18:48
 3 files changed, 6 insertions(+)
 rename auto_commit.sh => auto-commit/auto_commit.sh (100%)
 rename auto_watcher.sh => auto-commit/auto_watcher.sh (100%)
To github.com:Nihal10001/DjangoProjects.git
   71eaf42..1c6a292  main -> main
Pushed successfully at Sat Oct  4 14:18:52 IST 2025
Changes detected: Sat Oct  4 14:19:22 IST 2025
[main 81c890e] Auto-commit: 2025-10-04 14:19:22
 6 files changed, 8 insertions(+)
 rename README.md => auto-commit/README.md (100%)
 rename commit.log => auto-commit/commit.log (93%)
 rename main => auto-commit/main (100%)
 rename test_auto_commit.md => auto-commit/test_auto_commit.md (100%)
 rename test_correct_ssh.md => auto-commit/test_correct_ssh.md (100%)
 rename watcher.log => auto-commit/watcher.log (100%)
To github.com:Nihal10001/DjangoProjects.git
   1c6a292..81c890e  main -> main
Pushed successfully at Sat Oct  4 14:19:26 IST 2025
Changes detected: Sat Oct  4 14:19:57 IST 2025
[main 00e2eac] Auto-commit: 2025-10-04 14:19:57
 1 file changed, 12 insertions(+)
To github.com:Nihal10001/DjangoProjects.git
   81c890e..00e2eac  main -> main
Pushed successfully at Sat Oct  4 14:20:00 IST 2025
Changes detected: Sat Oct  4 14:20:30 IST 2025
[main 6a471b1] Auto-commit: 2025-10-04 14:20:30
 1 file changed, 6 insertions(+)
To github.com:Nihal10001/DjangoProjects.git
   00e2eac..6a471b1  main -> main
Pushed successfully at Sat Oct  4 14:20:36 IST 2025
Changes detected: Sat Oct  4 14:21:06 IST 2025
[main 1bd9a75] Auto-commit: 2025-10-04 14:21:06
 1 file changed, 6 insertions(+)
To github.com:Nihal10001/DjangoProjects.git
   6a471b1..1bd9a75  main -> main
Pushed successfully at Sat Oct  4 14:21:12 IST 2025
Changes detected: Sat Oct  4 14:21:42 IST 2025
[main 3c81ff4] Auto-commit: 2025-10-04 14:21:42
 1 file changed, 6 insertions(+)
To github.com:Nihal10001/DjangoProjects.git
   1bd9a75..3c81ff4  main -> main
Pushed successfully at Sat Oct  4 14:21:46 IST 2025
Changes detected: Sat Oct  4 14:22:16 IST 2025
[main 6063103] Auto-commit: 2025-10-04 14:22:16
 1 file changed, 6 insertions(+)
To github.com:Nihal10001/DjangoProjects.git
   3c81ff4..6063103  main -> main
Pushed successfully at Sat Oct  4 14:22:21 IST 2025
Changes detected: Sat Oct  4 14:22:51 IST 2025
[main 49572d5] Auto-commit: 2025-10-04 14:22:51
 1 file changed, 6 insertions(+)
To github.com:Nihal10001/DjangoProjects.git
   6063103..49572d5  main -> main
Pushed successfully at Sat Oct  4 14:22:56 IST 2025
Changes detected: Sat Oct  4 14:23:26 IST 2025
